// Jest Snapshot v1, https://goo.gl/fbAQLP

exports[`emits a cache file 1`] = `
"\\"use strict\\";
var __assign = (this && this.__assign) || function () {
    __assign = Object.assign || function(t) {
        for (var s, i = 1, n = arguments.length; i < n; i++) {
            s = arguments[i];
            for (var p in s) if (Object.prototype.hasOwnProperty.call(s, p))
                t[p] = s[p];
        }
        return t;
    };
    return __assign.apply(this, arguments);
};
Object.defineProperty(exports, \\"__esModule\\", { value: true });
var __whatSrcCallback01101011 = (function () {
    try {
        var cache_1 = ({
            \\"__basedir\\": \\"/home/user/app/packages/\\"
        });
        window[\\"__what-src-global-callback-key\\"] = function (e) {
            if (e.metaKey) {
                var tag = cache_1[e.path[0].dataset[\\"whatSrc\\"]];
                if (tag === undefined)
                    throw new Error('Scott.. Ite derped again.');
                var dataset = JSON.parse(tag);
                e.stopPropagation();
                e.preventDefault();
                if (typeof dataset === 'undefined')
                    return;
                var xhr = new XMLHttpRequest();
                xhr.open('POST', \\"http://localhost:8018/__what_src\\", true);
                xhr.setRequestHeader('Content-type', 'application/json');
                xhr.send(JSON.stringify(__assign(__assign({}, dataset), { basedir: cache_1.__basedir })));
            }
        };
        window.document.removeEventListener('click', window[\\"__what-src-global-callback-key\\"]);
        window.document.addEventListener('click', window[\\"__what-src-global-callback-key\\"]);
        return true;
    }
    catch (_a) {
        return false;
    }
})();
exports.default = __whatSrcCallback01101011;
"
`;
