// Jest Snapshot v1, https://goo.gl/fbAQLP

exports[`works 1`] = `
"\\"use strict\\";
Object.defineProperty(exports, \\"__esModule\\", { value: true });
require(\\"/CACHE_LOCATION/OVERRIDE/node_modules/@what-src/.cache/runtimeService\\").default;
const React = require(\\"react\\");
class TestClassComponent extends React.Component {
    render() {
        return (React.createElement(\\"div\\", { \\"data-what-src\\": '1' },
            React.createElement(\\"p\\", { \\"data-what-src\\": '2' }, \\"some p thing\\")));
    }
}
const TestFunctionalComponent = () => (React.createElement(\\"div\\", { \\"data-what-src\\": '3' },
    React.createElement(\\"p\\", { \\"data-what-src\\": '4' }, \\"some p thing\\")));
const TestMemoizedComponent = React.memo(() => (React.createElement(\\"div\\", { \\"data-what-src\\": '5' },
    React.createElement(\\"p\\", { \\"data-what-src\\": '6' }, \\"some p thing\\"))));
"
`;
