// Jest Snapshot v1, https://goo.gl/fbAQLP

exports[`works 1`] = `
"\\"use strict\\";

var React = _interopRequireWildcard(require(\\"react\\"));

var _reactDom = _interopRequireDefault(require(\\"react-dom\\"));

var _Helmet = _interopRequireDefault(require(\\"./Helmet.jsx\\"));

var _Button = _interopRequireDefault(require(\\"./Button.jsx\\"));

function _interopRequireDefault(obj) { return obj && obj.__esModule ? obj : { \\"default\\": obj }; }

function _getRequireWildcardCache() { if (typeof WeakMap !== \\"function\\") return null; var cache = new WeakMap(); _getRequireWildcardCache = function _getRequireWildcardCache() { return cache; }; return cache; }

function _interopRequireWildcard(obj) { if (obj && obj.__esModule) { return obj; } var cache = _getRequireWildcardCache(); if (cache && cache.has(obj)) { return cache.get(obj); } var newObj = {}; if (obj != null) { var hasPropertyDescriptor = Object.defineProperty && Object.getOwnPropertyDescriptor; for (var key in obj) { if (Object.prototype.hasOwnProperty.call(obj, key)) { var desc = hasPropertyDescriptor ? Object.getOwnPropertyDescriptor(obj, key) : null; if (desc && (desc.get || desc.set)) { Object.defineProperty(newObj, key, desc); } else { newObj[key] = obj[key]; } } } } newObj[\\"default\\"] = obj; if (cache) { cache.set(obj, newObj); } return newObj; }

var __WhatSrcGlobalVariable = require(\\"/Users/duroktar/fun/what-src-webpack-plugin/dist/what-src-cache.jss\\");

function _typeof(obj) { if (typeof Symbol === \\"function\\" && typeof Symbol.iterator === \\"symbol\\") { _typeof = function _typeof(obj) { return typeof obj; }; } else { _typeof = function _typeof(obj) { return obj && typeof Symbol === \\"function\\" && obj.constructor === Symbol && obj !== Symbol.prototype ? \\"symbol\\" : typeof obj; }; } return _typeof(obj); }

function _classCallCheck(instance, Constructor) { if (!(instance instanceof Constructor)) { throw new TypeError(\\"Cannot call a class as a function\\"); } }

function _defineProperties(target, props) { for (var i = 0; i < props.length; i++) { var descriptor = props[i]; descriptor.enumerable = descriptor.enumerable || false; descriptor.configurable = true; if (\\"value\\" in descriptor) descriptor.writable = true; Object.defineProperty(target, descriptor.key, descriptor); } }

function _createClass(Constructor, protoProps, staticProps) { if (protoProps) _defineProperties(Constructor.prototype, protoProps); if (staticProps) _defineProperties(Constructor, staticProps); return Constructor; }

function _possibleConstructorReturn(self, call) { if (call && (_typeof(call) === \\"object\\" || typeof call === \\"function\\")) { return call; } return _assertThisInitialized(self); }

function _assertThisInitialized(self) { if (self === void 0) { throw new ReferenceError(\\"this hasn't been initialised - super() hasn't been called\\"); } return self; }

function _getPrototypeOf(o) { _getPrototypeOf = Object.setPrototypeOf ? Object.getPrototypeOf : function _getPrototypeOf(o) { return o.__proto__ || Object.getPrototypeOf(o); }; return _getPrototypeOf(o); }

function _inherits(subClass, superClass) { if (typeof superClass !== \\"function\\" && superClass !== null) { throw new TypeError(\\"Super expression must either be null or a function\\"); } subClass.prototype = Object.create(superClass && superClass.prototype, { constructor: { value: subClass, writable: true, configurable: true } }); if (superClass) _setPrototypeOf(subClass, superClass); }

function _setPrototypeOf(o, p) { _setPrototypeOf = Object.setPrototypeOf || function _setPrototypeOf(o, p) { o.__proto__ = p; return o; }; return _setPrototypeOf(o, p); }

var App =
/*#__PURE__*/
function (_React$Component) {
  _inherits(App, _React$Component);

  function App() {
    _classCallCheck(this, App);

    return _possibleConstructorReturn(this, _getPrototypeOf(App).apply(this, arguments));
  }

  _createClass(App, [{
    key: \\"render\\",
    value: function render() {
      return React.createElement(\\"div\\", {
        className: \\"first\\",
        \\"data-what-src\\": \\"1\\"
      }, React.createElement(_Helmet[\\"default\\"], null, React.createElement(\\"meta\\", {
        charset: \\"utf-8\\"
      })), React.createElement(\\"p\\", {
        \\"data-what-src\\": \\"2\\"
      }, \\"some p thing\\"), React.createElement(\\"br\\", {
        \\"data-what-src\\": \\"3\\"
      }), React.createElement(\\"div\\", {
        id: \\"hat\\",
        \\"data-what-src\\": \\"4\\"
      }, React.createElement(\\"h1\\", {
        \\"data-what-src\\": \\"5\\"
      }, \\"Header\\"), React.createElement(\\"article\\", {
        \\"data-what-src\\": \\"6\\"
      }, \\"Some article.. More texxt and stuffz\\"), React.createElement(\\"article\\", {
        \\"data-what-src\\": \\"7\\"
      }, \\"A Second article!! With even more texxt and stuffz!!!!!!!!\\")), React.createElement(React.Fragment, null, React.createElement(\\"div\\", {
        \\"data-what-src\\": \\"8\\"
      }, \\"inside\\"), React.createElement(\\"div\\", {
        \\"data-what-src\\": \\"9\\"
      }, \\"fragment\\")), React.createElement(\\"div\\", {
        \\"data-what-src\\": \\"10\\"
      }, React.createElement(\\"label\\", {
        htmlFor: \\"but\\",
        \\"data-what-src\\": \\"11\\"
      }, \\"And\\"), React.createElement(_Button[\\"default\\"], {
        id: \\"but\\",
        \\"data-what-src\\": \\"12\\"
      }, \\"Buttons!\\")), React.createElement(\\"a\\", {
        href: \\"http://google.com\\",
        \\"data-what-src\\": \\"13\\"
      }, \\"And links too :D\\"), React.createElement(\\"footer\\", {
        \\"data-what-src\\": \\"14\\"
      }, \\"The ol' footer\\"));
    }
  }]);

  return App;
}(React.Component);

_reactDom[\\"default\\"].render(React.createElement(App, {
  \\"data-what-src\\": \\"15\\"
}), document.querySelector('#root'));"
`;
